
> server@1.0.0 test
> jest

node.exe : FAIL __te
sts__/hkcsEngine.tes
t.js
At line:1 char:1
+ & "C:\Program File
s\nodejs/node.exe" 
"C:\Program Files\no
dejs/node_mo ...
+ ~~~~~~~~~~~~~~~~~~
~~~~~~~~~~~~~~~~~~~~
~~~~~~~~~~~~~~~~~~~~
~~~~~~~~~~~
    + CategoryInfo  
            : NotS  
  pecified: (FAIL   
  __tests__/hkcs    
Engine.test.js:    
String) [], Rem    
oteException
    + FullyQualifie 
   dErrorId : Nati  
  veCommandError
 
  HKCS Engine 
Advanced
    ├ù should 
return high score 
(>750) for ideal 
profile (3 ms)
    ΓêÜ should 
return low score 
(<500) for high 
risk profile (1 ms)
    ΓêÜ should 
penalty for lack of 
crop diversity
    ΓêÜ should give 
bonus for rainfall

  ΓùÅ HKCS Engine 
Advanced ΓÇ║ should 
return high score 
(>750) for ideal 
profile

    expect(received)
.toContain(expected)
 // indexOf

    Expected 
substring: "Low"
    Received 
string:    "7% (KCC 
Standard)"

    [0m [90m 29 
|[39m         expec
t(result[33m.[39ms
core)[33m.[39mtoBe
GreaterThan([35m750
[39m)[33m;[39m
     [90m 30 
|[39m         expec
t(result[33m.[39mt
ips[33m.[39mlength
)[33m.[39mtoBe([3
5m0[39m)[33m;[39m
    [31m[1m>[22m
[39m[90m 31 |[39m 
        expect(resul
t[33m.[39mloanElig
ibility[33m.[39min
terestRate)[33m.[3
9mtoContain([32m"Lo
w"[39m)[33m;[39m
     [90m    
|[39m              
                    
                   
[31m[1m^[22m[39m
     [90m 32 
|[39m     
})[33m;[39m
     [90m 33 |[39m
     [90m 34 
|[39m     
test([32m'should 
return low score 
(<500) for high 
risk profile'[39m[
33m,[39m () 
[33m=>[39m {[0m

      at 
Object.toContain (__
tests__/hkcsEngine.t
est.js:31:53)

Test Suites: 1 
failed, 1 total
Tests:       1 
failed, 3 passed, 4 
total
Snapshots:   0 total
Time:        0.323 
s, estimated 1 s
Ran all test suites.
